// Vitest Snapshot v1, https://vitest.dev/guide/snapshot.html

exports[`FooterPagination.vue > renders correctly 1`] = `
"<div class=\\"py-5\\">
  <div class=\\"flex items-center flex-wrap flex-col sm:flex-row gap-4\\">
    <div class=\\"flex items-center\\"><span class=\\"mr-2\\">Showing 1 to 10 of 100 entries</span><select>
        <option value=\\"10\\">10</option>
        <option value=\\"20\\">20</option>
        <option value=\\"30\\">30</option>
      </select></div>
    <div class=\\"sm:ml-auto inline-flex items-center space-x-2\\"><button type=\\"button\\" class=\\"bh-page-item first-page disabled\\">
        <!---->
      </button><button type=\\"button\\" class=\\"bh-page-item previous-page disabled\\">
        <!--v-if-->
        <!---->
      </button><button type=\\"button\\" class=\\"bh-page-item disabled bh-active\\">1</button><button type=\\"button\\" class=\\"bh-page-item\\">2</button><button type=\\"button\\" class=\\"bh-page-item\\">3</button><button type=\\"button\\" class=\\"bh-page-item\\">4</button><button type=\\"button\\" class=\\"bh-page-item\\">5</button><button type=\\"button\\" class=\\"bh-page-item next-page\\">
        <!---->
      </button><button type=\\"button\\" class=\\"bh-page-item last-page\\">
        <!---->
      </button></div>
  </div>
</div>"
`;
